<?xml version="1.0" encoding="UTF-8"?>
<testsuites>
  <testsuite name="ci-python-tests" tests="4" failures="0" errors="0">
    <testcase classname="ci" name="Contract Validation" time=".556"/>
    <testcase classname="ci" name="Darija Intent Detection" time=".136"/>
    <testcase classname="ci" name="Template Rendering" time=".166"/>
    <testcase classname="ci" name="L10N Script Detection" time=".147"/>  </testsuite>
</testsuites>
